[    3182ms] [ERROR] Error mounting micro-frontend application "OfferApplication": JSHandle@object @ https://www.ifortuna.cz/_astro/page.Dg0MwKRv.js:16
[    3198ms] [ERROR] Error mounting micro-frontend application "betslipContainer": JSHandle@object @ https://www.ifortuna.cz/_astro/page.Dg0MwKRv.js:16
[    3199ms] [ERROR] Error mounting micro-frontend application "ChatSupport": JSHandle@object @ https://www.ifortuna.cz/_astro/page.Dg0MwKRv.js:16
[    3201ms] [ERROR] Error mounting micro-frontend application "OfferApplication": JSHandle@object @ https://www.ifortuna.cz/_astro/page.Dg0MwKRv.js:16
[    3245ms] [WARNING] [JavaScript Warning: "Loading failed for the <script> with source “https://web.cmp.usercentrics.eu/ui/v/4.20.0/WebSdk.lib.8e67814b.js”." {file: "https://www.ifortuna.cz/sazeni/tenis/wta/z-wta-peking-dvouhra/muchova-k-boulter-k?tab=analysis" line: 1}] @ https://www.ifortuna.cz/sazeni/tenis/wta/z-wta-peking-dvouhra/muchova-k-boulter-k?tab=analysis:1
[    3274ms] [WARNING] [JavaScript Warning: "Loading failed for the <script> with source “https://www.googletagmanager.com/gtm.js?id=GTM-W2TXQ3N”." {file: "https://www.ifortuna.cz/sazeni/tenis/wta/z-wta-peking-dvouhra/muchova-k-boulter-k?tab=analysis" line: 1}] @ https://www.ifortuna.cz/sazeni/tenis/wta/z-wta-peking-dvouhra/muchova-k-boulter-k?tab=analysis:1
[    3601ms] [WARNING] [JavaScript Warning: "Loading failed for the module with source “https://www.ifortuna.cz/fe/inject-application-2/index.js”." {file: "https://www.ifortuna.cz/_astro/injectApplication.K5i_OF9l.js" line: 0}] @ https://www.ifortuna.cz/_astro/injectApplication.K5i_OF9l.js:0
[    5628ms] [WARNING] [JavaScript Warning: "A resource is blocked by OpaqueResponseBlocking, please check browser console for details." {file: "https://api.ifortuna.cz/offer/icon/api/v1_0/icons/uwp-footer-assets/fortuna-liga-dark" line: 0}] @ https://api.ifortuna.cz/offer/icon/api/v1_0/icons/uwp-footer-assets/fortuna-liga-dark:0
[    5630ms] [WARNING] [JavaScript Warning: "A resource is blocked by OpaqueResponseBlocking, please check browser console for details." {file: "https://api.ifortuna.cz/offer/icon/api/v1_0/icons/uwp-footer-assets/cesky-hokej-dark" line: 0}] @ https://api.ifortuna.cz/offer/icon/api/v1_0/icons/uwp-footer-assets/cesky-hokej-dark:0
[    5634ms] [WARNING] [JavaScript Warning: "A resource is blocked by OpaqueResponseBlocking, please check browser console for details." {file: "https://api.ifortuna.cz/offer/icon/api/v1_0/icons/uwp-footer-assets/hc-sparta-praha-dark" line: 0}] @ https://api.ifortuna.cz/offer/icon/api/v1_0/icons/uwp-footer-assets/hc-sparta-praha-dark:0
[    5648ms] [WARNING] [JavaScript Warning: "A resource is blocked by OpaqueResponseBlocking, please check browser console for details." {file: "https://api.ifortuna.cz/offer/icon/api/v1_0/icons/uwp-footer-assets/hc-banes-motor-ceske-budejovice-dark" line: 0}] @ https://api.ifortuna.cz/offer/icon/api/v1_0/icons/uwp-footer-assets/hc-banes-motor-ceske-budejovice-dark:0
[    5654ms] [WARNING] [JavaScript Warning: "A resource is blocked by OpaqueResponseBlocking, please check browser console for details." {file: "https://api.ifortuna.cz/offer/icon/api/v1_0/icons/uwp-footer-assets/fc-banik-ostrava-dark" line: 0}] @ https://api.ifortuna.cz/offer/icon/api/v1_0/icons/uwp-footer-assets/fc-banik-ostrava-dark:0
[    5654ms] [WARNING] [JavaScript Warning: "A resource is blocked by OpaqueResponseBlocking, please check browser console for details." {file: "https://api.ifortuna.cz/offer/icon/api/v1_0/icons/uwp-footer-assets/hc-bili-tygri-liberec-dark" line: 0}] @ https://api.ifortuna.cz/offer/icon/api/v1_0/icons/uwp-footer-assets/hc-bili-tygri-liberec-dark:0
[    5666ms] [WARNING] [JavaScript Warning: "A resource is blocked by OpaqueResponseBlocking, please check browser console for details." {file: "https://api.ifortuna.cz/offer/icon/api/v1_0/icons/uwp-footer-assets/bohemians-praha-1907-dark" line: 0}] @ https://api.ifortuna.cz/offer/icon/api/v1_0/icons/uwp-footer-assets/bohemians-praha-1907-dark:0
[    5669ms] [WARNING] [JavaScript Warning: "A resource is blocked by OpaqueResponseBlocking, please check browser console for details." {file: "https://api.ifortuna.cz/offer/icon/api/v1_0/icons/uwp-footer-assets/ceska-fotbalova-reprezentace-dark" line: 0}] @ https://api.ifortuna.cz/offer/icon/api/v1_0/icons/uwp-footer-assets/ceska-fotbalova-reprezentace-dark:0
[    5691ms] [WARNING] [JavaScript Warning: "A resource is blocked by OpaqueResponseBlocking, please check browser console for details." {file: "https://api.ifortuna.cz/offer/icon/api/v1_0/icons/uwp-footer-assets/sk-slavia-praha-dark" line: 0}] @ https://api.ifortuna.cz/offer/icon/api/v1_0/icons/uwp-footer-assets/sk-slavia-praha-dark:0
[    5696ms] [WARNING] [JavaScript Warning: "A resource is blocked by OpaqueResponseBlocking, please check browser console for details." {file: "https://api.ifortuna.cz/offer/icon/api/v1_0/icons/uwp-footer-assets/alsa-dark" line: 0}] @ https://api.ifortuna.cz/offer/icon/api/v1_0/icons/uwp-footer-assets/alsa-dark:0
[    5710ms] [WARNING] [JavaScript Warning: "A resource is blocked by OpaqueResponseBlocking, please check browser console for details." {file: "https://api.ifortuna.cz/offer/icon/api/v1_0/icons/uwp-footer-assets/esuba-dark" line: 0}] @ https://api.ifortuna.cz/offer/icon/api/v1_0/icons/uwp-footer-assets/esuba-dark:0
[    5719ms] [WARNING] [JavaScript Warning: "A resource is blocked by OpaqueResponseBlocking, please check browser console for details." {file: "https://api.ifortuna.cz/offer/icon/api/v1_0/icons/uwp-footer-assets/bjp-dark" line: 0}] @ https://api.ifortuna.cz/offer/icon/api/v1_0/icons/uwp-footer-assets/bjp-dark:0
[    5726ms] TypeError: Failed to fetch dynamically imported module: https://web.cmp.usercentrics.eu/ui/v/4.20.0/WebSdk.lib.8e67814b.js. Error: undefined
    at r (https://web.cmp.usercentrics.eu/ui/loader.js:1:873)
    at a (https://web.cmp.usercentrics.eu/ui/loader.js:1:1083)
    at promise callback*r (https://web.cmp.usercentrics.eu/ui/loader.js:1:915)
    at c (https://web.cmp.usercentrics.eu/ui/loader.js:1:1047)
    at o/</< (https://web.cmp.usercentrics.eu/ui/loader.js:1:1106)
    at o/< (https://web.cmp.usercentrics.eu/ui/loader.js:1:987)
    at  (https://web.cmp.usercentrics.eu/ui/loader.js:1:70608)
    at  (https://web.cmp.usercentrics.eu/ui/loader.js:1:70612)
[    5919ms] [ERROR] JSHandle@object @ https://www.ifortuna.cz/_astro/page.Dg0MwKRv.js:16
[    9899ms] [ERROR] [JavaScript Error: "AbortError: The operation was aborted. "] @ :0
[   19155ms] [WARNING] [JavaScript Warning: "The resource at “https://www.ifortuna.cz/_astro/roboto-latin-wght-normal.ccAYIvAh.woff2” preloaded with link preload was not used within a few seconds. Make sure all attributes of the preload tag are set correctly." {file: "https://www.ifortuna.cz/sazeni/tenis/wta/z-wta-peking-dvouhra/muchova-k-boulter-k" line: 0}] @ https://www.ifortuna.cz/sazeni/tenis/wta/z-wta-peking-dvouhra/muchova-k-boulter-k:0
[   19159ms] [WARNING] [JavaScript Warning: "The resource at “https://www.ifortuna.cz/_astro/roboto-latin-ext-wght-normal.DYIxWhlt.woff2” preloaded with link preload was not used within a few seconds. Make sure all attributes of the preload tag are set correctly." {file: "https://www.ifortuna.cz/sazeni/tenis/wta/z-wta-peking-dvouhra/muchova-k-boulter-k" line: 0}] @ https://www.ifortuna.cz/sazeni/tenis/wta/z-wta-peking-dvouhra/muchova-k-boulter-k:0
[   23630ms] [LOG] AuthApi initialized @ https://www.ifortuna.cz/_astro/page.Dg0MwKRv.js:16
[   24693ms] [WARNING] [JavaScript Warning: "unreachable code after return statement" {file: "https://api-campaigns.fortuna.exponea.cz/js/exponea.min.js" line: 36}] @ https://api-campaigns.fortuna.exponea.cz/js/exponea.min.js:36
[  104720ms] [WARNING] [JavaScript Warning: "Loading failed for the <script> with source “https://www.googletagmanager.com/gtag/js?id=G-RBTB33YK12&cx=c&gtm=4e69u2”." {file: "https://www.ifortuna.cz/sazeni/tenis/wta/z-wta-peking-dvouhra/muchova-k-boulter-k" line: 1}] @ https://www.ifortuna.cz/sazeni/tenis/wta/z-wta-peking-dvouhra/muchova-k-boulter-k:1
[  109088ms] [WARNING] [JavaScript Warning: "Loading failed for the <script> with source “https://www.googletagmanager.com/gtag/js?id=G-HN8ZB1EXW0&cx=c&gtm=4e69u2”." {file: "https://www.ifortuna.cz/sazeni/tenis/wta/z-wta-peking-dvouhra/muchova-k-boulter-k" line: 1}] @ https://www.ifortuna.cz/sazeni/tenis/wta/z-wta-peking-dvouhra/muchova-k-boulter-k:1
