[   12031ms] [WARNING] [JavaScript Warning: "unreachable code after return statement" {file: "https://api-campaigns.fortuna.exponea.cz/js/exponea.min.js" line: 36}] @ https://api-campaigns.fortuna.exponea.cz/js/exponea.min.js:36
[   31056ms] [WARNING] [JavaScript Warning: "“ifortuna.cz” has been classified as a bounce tracker. If it does not receive user activation within the next 3,600 seconds it will have its state purged."] @ :0
[   31106ms] [WARNING] [JavaScript Warning: "The resource at “https://www.ifortuna.cz/fe/hero-banner-carousel/assets/app-D3CIaTd6.css” preloaded with link preload was not used within a few seconds. Make sure all attributes of the preload tag are set correctly." {file: "https://www.ifortuna.cz/sazeni/tenis/wta/z-wta-peking-dvouhra/muchova-k-boulter-k" line: 0}] @ https://www.ifortuna.cz/sazeni/tenis/wta/z-wta-peking-dvouhra/muchova-k-boulter-k:0
[   31595ms] [LOG] AuthApi initialized @ https://www.ifortuna.cz/_astro/page.Dg0MwKRv.js:16
[   65844ms] [WARNING] [JavaScript Warning: "Loading failed for the <script> with source “https://bat.bing.com/p/action/343199582.js”." {file: "https://www.ifortuna.cz/sazeni/tenis/wta/z-wta-peking-dvouhra/muchova-k-boulter-k" line: 1}] @ https://www.ifortuna.cz/sazeni/tenis/wta/z-wta-peking-dvouhra/muchova-k-boulter-k:1
[   81232ms] [WARNING] [JavaScript Warning: "The resource at “https://www.ifortuna.cz/_astro/roboto-latin-wght-normal.ccAYIvAh.woff2” preloaded with link preload was not used within a few seconds. Make sure all attributes of the preload tag are set correctly." {file: "https://www.ifortuna.cz/sazeni/tenis/wta/z-wta-peking-dvouhra/muchova-k-boulter-k" line: 0}] @ https://www.ifortuna.cz/sazeni/tenis/wta/z-wta-peking-dvouhra/muchova-k-boulter-k:0
[   81299ms] [WARNING] [JavaScript Warning: "The resource at “https://www.ifortuna.cz/_astro/roboto-latin-ext-wght-normal.DYIxWhlt.woff2” preloaded with link preload was not used within a few seconds. Make sure all attributes of the preload tag are set correctly." {file: "https://www.ifortuna.cz/sazeni/tenis/wta/z-wta-peking-dvouhra/muchova-k-boulter-k" line: 0}] @ https://www.ifortuna.cz/sazeni/tenis/wta/z-wta-peking-dvouhra/muchova-k-boulter-k:0
[   98120ms] [WARNING] [JavaScript Warning: "unreachable code after return statement" {file: "https://api-campaigns.fortuna.exponea.cz/js/exponea.min.js" line: 36}] @ https://api-campaigns.fortuna.exponea.cz/js/exponea.min.js:36
[  107403ms] [LOG] AuthApi initialized @ https://www.ifortuna.cz/_astro/page.Dg0MwKRv.js:16
[  134175ms] [INFO] [JavaScript Error: "Reporting Header: invalid JSON value received." {file: "https://www.googletagmanager.com/td?id=GTM-W2TXQ3N&v=3&t=t&pid=813589307&gtm=45He69u2v847254150za200zd847254150xf1&seq=1&exp=115616985~115938466~115938469~118897920~118897930~120385422~120469145~120469153~121046262~121046270~121246027~121246035&dl=www.ifortuna.cz%2Fsazeni%2Ftenis%2Fwta%2Fz-wta-peking-dvouhra%2Fmuchova-k-boulter-k&tdp=GTM-W2TXQ3N;47254150;0;0;0&frm=0&rtg=47254150&slo=25&hlo=29&lst=1&bt=0&ct=3&z=0" line: 0}] @ https://www.googletagmanager.com/td?id=GTM-W2TXQ3N&v=3&t=t&pid=813589307&gtm=45He69u2v847254150za200zd847254150xf1&seq=1&exp=115616985~115938466~115938469~118897920~118897930~120385422~120469145~120469153~121046262~121046270~121246027~121246035&dl=www.ifortuna.cz%2Fsazeni%2Ftenis%2Fwta%2Fz-wta-peking-dvouhra%2Fmuchova-k-boulter-k&tdp=GTM-W2TXQ3N;47254150;0;0;0&frm=0&rtg=47254150&slo=25&hlo=29&lst=1&bt=0&ct=3&z=0:0
[  245796ms] uncaught exception: Timeout after 15000 ms

[  297107ms] [INFO] [JavaScript Error: "Reporting Header: invalid JSON value received." {file: "https://www.googletagmanager.com/gtag/destination?id=DC-9332336&cx=c&gtm=4e69u2" line: 0}] @ https://www.googletagmanager.com/gtag/destination?id=DC-9332336&cx=c&gtm=4e69u2:0
[  304839ms] [WARNING] [JavaScript Warning: "Loading failed for the <script> with source “https://web.cmp.usercentrics.eu/ui/v/4.20.0/UcGdprCmpView.b7da566a.js”." {file: "https://www.ifortuna.cz/sazeni/tenis/wta/z-wta-peking-dvouhra/muchova-k-boulter-k" line: 1}] @ https://www.ifortuna.cz/sazeni/tenis/wta/z-wta-peking-dvouhra/muchova-k-boulter-k:1
[  304850ms] TypeError: Failed to fetch dynamically imported module: https://web.cmp.usercentrics.eu/ui/v/4.20.0/UcGdprCmpView.b7da566a.js. Error: undefined
    at r (https://web.cmp.usercentrics.eu/ui/loader.js:1:873)
    at a (https://web.cmp.usercentrics.eu/ui/loader.js:1:1083)
    at promise callback*r (https://web.cmp.usercentrics.eu/ui/loader.js:1:915)
    at c (https://web.cmp.usercentrics.eu/ui/loader.js:1:1047)
    at o/</< (https://web.cmp.usercentrics.eu/ui/loader.js:1:1106)
    at o/< (https://web.cmp.usercentrics.eu/ui/loader.js:1:987)
    at  (https://web.cmp.usercentrics.eu/ui/loader.js:1:70608)
    at  (https://web.cmp.usercentrics.eu/ui/loader.js:1:70612)
[  305129ms] [WARNING] [JavaScript Warning: "Loading failed for the <script> with source “https://web.cmp.usercentrics.eu/ui/TvGdprCmpView.f7414e25.js”." {file: "https://www.ifortuna.cz/sazeni/tenis/wta/z-wta-peking-dvouhra/muchova-k-boulter-k" line: 1}] @ https://www.ifortuna.cz/sazeni/tenis/wta/z-wta-peking-dvouhra/muchova-k-boulter-k:1
[  305286ms] [WARNING] [Translation] Failed to fetch translations for prefixes: common.playermanager, mobile.gm, common.core JSHandle@object @ https://www.ifortuna.cz/_astro/page.Dg0MwKRv.js:16
[  305306ms] [WARNING] [JavaScript Warning: "Loading failed for the <script> with source “https://c.seznam.cz/js/rc.js”." {file: "https://www.ifortuna.cz/sazeni/tenis/wta/z-wta-peking-dvouhra/muchova-k-boulter-k" line: 1}] @ https://www.ifortuna.cz/sazeni/tenis/wta/z-wta-peking-dvouhra/muchova-k-boulter-k:1
[  305318ms] [WARNING] [Translation] Failed to fetch translations for prefixes: common.offer, common.scoreboard, common.lotteries, common.core JSHandle@object @ https://www.ifortuna.cz/_astro/page.Dg0MwKRv.js:16
[  305613ms] [WARNING] [JavaScript Warning: "Loading failed for the <script> with source “https://c.seznam.cz/js/rc.js”." {file: "https://www.ifortuna.cz/sazeni/tenis/wta/z-wta-peking-dvouhra/muchova-k-boulter-k" line: 1}] @ https://www.ifortuna.cz/sazeni/tenis/wta/z-wta-peking-dvouhra/muchova-k-boulter-k:1
[  305632ms] [WARNING] [JavaScript Warning: "Loading failed for the <script> with source “https://www.googletagmanager.com/gtag/destination?id=DC-9332336&cx=c&gtm=4e69u2”." {file: "https://www.ifortuna.cz/sazeni/tenis/wta/z-wta-peking-dvouhra/muchova-k-boulter-k" line: 1}] @ https://www.ifortuna.cz/sazeni/tenis/wta/z-wta-peking-dvouhra/muchova-k-boulter-k:1
[  305640ms] [ERROR] Error mounting micro-frontend application "ChatSupport": JSHandle@object @ https://www.ifortuna.cz/_astro/page.Dg0MwKRv.js:16
[  305833ms] [LOG] [ Federation Runtime ] JSHandle@object @ https://www.ifortuna.cz/_astro/page.Dg0MwKRv.js:16
[  305850ms] [ERROR] JSHandle@object @ https://www.ifortuna.cz/_astro/page.Dg0MwKRv.js:16
[  305984ms] [ERROR] Error mounting micro-frontend application "betslipContainer": JSHandle@object @ https://www.ifortuna.cz/_astro/page.Dg0MwKRv.js:16
[  306218ms] [ERROR] Usercentrics [CmpController - saveConsentRemotely]: Could not save consents @ https://www.ifortuna.cz/_astro/page.Dg0MwKRv.js:16
